
> tanvinhdat-web@0.1.0 build
> next build

  Γû▓ Next.js 14.2.15

   Creating an optimized production build ...
 Γ£ô Compiled successfully
   Linting and checking validity of types ...
   Collecting page data ...
   Generating static pages (0/19) ...
   Generating static pages (4/19) 
   Generating static pages (9/19) 
   Generating static pages (14/19) 
 Γ£ô Generating static pages (19/19)
   Finalizing page optimization ...
   Collecting build traces ...

Route (app)                              Size     First Load JS
Γöî Γùï /                                    191 B          99.3 kB
Γö£ Γùï /_not-found                          138 B          87.4 kB
Γö£ Γùï /about                               191 B          99.3 kB
Γö£ Γùï /careers                             197 B          94.3 kB
Γö£ Γùï /certifications                      197 B          94.3 kB
Γö£ Γùï /contact                             197 B          94.3 kB
Γö£ Γùï /faq                                 866 B          94.9 kB
Γö£ Γùï /policies                            197 B          94.3 kB
Γö£ Γùï /pricing                             197 B          94.3 kB
Γö£ Γùï /process                             197 B          94.3 kB
Γö£ Γùï /projects                            191 B          99.3 kB
Γö£ Γùï /robots.txt                          0 B                0 B
Γö£ Γùï /services                            197 B          94.3 kB
Γö£ ΓùÅ /services/[slug]                     197 B          94.3 kB
Γö£   Γö£ /services/collection
Γö£   Γö£ /services/transport
Γö£   Γöö /services/treatment
Γöö Γùï /sitemap.xml                         0 B                0 B
+ First Load JS shared by all            87.3 kB
  Γö£ chunks/117-0c21086af681b659.js       31.7 kB
  Γö£ chunks/fd9d1056-7d9b70e9456442b8.js  53.6 kB
  Γöö other shared chunks (total)          1.89 kB


Γùï  (Static)  prerendered as static content
ΓùÅ  (SSG)     prerendered as static HTML (uses getStaticProps)

